// Jest Snapshot v1, https://goo.gl/fbAQLP

exports[`UIElement has auto margin-left when rightAligned is true 1`] = `
<ForwardRef(render)
  rightAligned={false}
>
  <h4>
    Connect Hello World component
  </h4>
  <GraphImage
    alt=""
    backgroundColor=""
    baseURI="https://media.graphcms.com"
    blurryPlaceholder={true}
    className=""
    fadeIn={true}
    fit="crop"
    image={
      Object {
        "handle": "my-test-image",
        "height": 50,
        "width": 50,
      }
    }
    maxWidth={800}
    onLoad={null}
    outerWrapperClassName=""
    style={Object {}}
    title=""
    transforms={Array []}
    withWebp={true}
  />
  <CodeSnippet>
    &lt;hello-world-connect /&gt;
  </CodeSnippet>
</ForwardRef(render)>
`;

exports[`UIElement has no auto margin when rightAligned is false 1`] = `
<ForwardRef(render)
  rightAligned={false}
>
  <h4>
    Connect Hello World component
  </h4>
  <GraphImage
    alt=""
    backgroundColor=""
    baseURI="https://media.graphcms.com"
    blurryPlaceholder={true}
    className=""
    fadeIn={true}
    fit="crop"
    image={
      Object {
        "handle": "my-test-image",
        "height": 50,
        "width": 50,
      }
    }
    maxWidth={800}
    onLoad={null}
    outerWrapperClassName=""
    style={Object {}}
    title=""
    transforms={Array []}
    withWebp={true}
  />
  <CodeSnippet>
    &lt;hello-world-connect /&gt;
  </CodeSnippet>
</ForwardRef(render)>
`;
