// Jest Snapshot v1, https://goo.gl/fbAQLP

exports[`Header renders correctly 1`] = `
.emotion-1 + a {
  margin-left: 0.5rem;
}

.emotion-0 {
  border-radius: 4px;
  -webkit-appearance: none;
  -moz-appearance: none;
  appearance: none;
  border: 0;
  cursor: pointer;
  font-weight: 600;
  background-color: #FFC400;
  color: #030D36;
  height: 48px;
  line-height: 48px;
  padding: 0 1.5rem;
}

.emotion-0:hover {
  background-color: #E9B300;
}

<a
  className="emotion-1"
  href="/foo"
>
  <button
    className="emotion-0"
  >
    hello
  </button>
</a>
`;

exports[`Header renders primary colours 1`] = `
.emotion-1 + a {
  margin-left: 0.5rem;
}

.emotion-0 {
  border-radius: 4px;
  -webkit-appearance: none;
  -moz-appearance: none;
  appearance: none;
  border: 0;
  cursor: pointer;
  font-weight: 600;
  background-color: #FFC400;
  color: #030D36;
  background-color: #FFC400;
  color: #030D36;
  height: 48px;
  line-height: 48px;
  padding: 0 1.5rem;
}

.emotion-0:hover {
  background-color: #E9B300;
}

.emotion-0:hover {
  background-color: #E9B300;
}

<a
  className="emotion-1"
  href="/foo"
>
  <button
    className="emotion-0"
  >
    hello
  </button>
</a>
`;
