// Jest Snapshot v1, https://goo.gl/fbAQLP

exports[`Search renders correctly 1`] = `
<div
  className="ais-InstantSearch__root"
>
  <div
    css={
      Array [
        Object {
          "map": undefined,
          "name": "1n3w5wq",
          "next": undefined,
          "styles": "
    display: flex;
    margin: auto;
    flex-direction: column;
    justify-content: space-between;
    flex-wrap: wrap;

    @media (min-width: 576px) {
      flex-direction: row;
    }
  ",
        },
        false,
        false,
        undefined,
        Object {
          "map": undefined,
          "name": "pq2q0q",
          "next": undefined,
          "styles": "
        width: 100%;
        margin: 0;
        align-content: flex-start;
        justify-content: flex-start;
      ",
        },
        false,
      ]
    }
  />
</div>
`;
