// Jest Snapshot v1, https://goo.gl/fbAQLP

exports[`Search renders correctly 1`] = `
<div
  className="ais-InstantSearch__root"
>
  <div
    css={
      Array [
        Object {
          "map": undefined,
          "name": "1xdq1vh",
          "next": undefined,
          "styles": "
          @media (max-width: 992px) {
            width: ;
            text-align: center;
          }
        ",
        },
        undefined,
      ]
    }
  >
    <div
      css={
        Array [
          Object {
            "map": undefined,
            "name": "1gba6eq",
            "next": undefined,
            "styles": "
    display: flex;
    margin: auto;
    flex-direction: column;
    justify-content: space-between;
    flex-wrap: wrap;

    @media (min-width: 768px) {
      flex-direction: row;
    }
  ",
          },
          false,
          false,
          undefined,
          Object {
            "map": undefined,
            "name": "1tqafzq",
            "next": undefined,
            "styles": "
        justify-content: flex-start !important;
        @media (max-width: 992px) {
          width: 0px;
          overflow: scroll;
          flex-wrap: nowrap;
          flex-direction: row;
        }
      ",
          },
          false,
        ]
      }
    />
  </div>
</div>
`;
