// Jest Snapshot v1, https://goo.gl/fbAQLP

exports[`Search renders correctly 1`] = `
<div
  className="ais-InstantSearch__root"
>
  <div>
    <div>
      <form
        action=""
        css={
          Object {
            "map": undefined,
            "name": "1dvxqr0",
            "next": undefined,
            "styles": "
  height: 72px;
  width: 512px;
  border: 1px solid #d4d9ea;
  border-radius: 4px;
  background-color: #ffffff;
  box-shadow: 0 2px 4px 0 rgba(3, 13, 54, 0.49);
  position: absolute;
  top: -250px;
  left: 0;
  right: 0;
  margin: auto;

  input {
    appearance: none;
    width: 100%;
    height: 100%;
    background: transparent url(test-file-stub) no-repeat center left 1em / 32px;
    border: none;
    padding: 1em 1em 1em 3.5em;

    &:focus {
      outline-offset: 2px;
    }
  }
",
          }
        }
        noValidate={true}
        role="search"
      >
        <input
          onChange={[Function]}
          placeholder="Search an Integration"
          type="search"
          value=""
        />
      </form>
      <div
        css={
          Array [
            Object {
              "map": undefined,
              "name": "1n3w5wq",
              "next": undefined,
              "styles": "
    display: flex;
    margin: auto;
    flex-direction: column;
    justify-content: space-between;
    flex-wrap: wrap;

    @media (min-width: 576px) {
      flex-direction: row;
    }
  ",
            },
            false,
            false,
            undefined,
            Object {
              "map": undefined,
              "name": "1d7td7u",
              "next": undefined,
              "styles": "
          justify-content: flex-start !important;
        ",
            },
            false,
          ]
        }
      />
    </div>
  </div>
</div>
`;
