// Jest Snapshot v1, https://goo.gl/fbAQLP

exports[`SiteMetadata DefaultMeta renders expected metadata 1`] = `
<HelmetWrapper
  defaultTitle="Bearer"
  defer={true}
  encodeSpecialCharacters={true}
  titleTemplate="%s"
>
  <html
    lang="en"
  />
  <link
    href="https://example.com/my-page"
    rel="canonical"
  />
  <meta
    content="summary_large_image"
    name="twitter:card"
  />
  <meta
    content="Bearer"
    name="twitter:title"
  />
  <meta
    content="This is an example description"
    name="twitter:description"
  />
  <meta
    content="https://example.com/my-image.jpg"
    name="twitter:image"
  />
  <meta
    content="An example description of my image"
    name="twitter:image:alt"
  />
  <meta
    content="@bearersh"
    name="twitter:site"
  />
  <meta
    content="Bearer"
    property="og:site_name"
  />
  <meta
    content="Bearer"
    property="og:title"
  />
  <meta
    content="This is an example description"
    property="og:description"
  />
  <meta
    content="https://example.com/my-page"
    property="og:url"
  />
  <meta
    content="en"
    property="og:locale"
  />
  <meta
    content="website"
    property="og:type"
  />
  <meta
    content="https://example.com/my-image.jpg"
    property="og:image"
  />
  <meta
    content="An example description of my image"
    property="og:image:alt"
  />
  <meta
    content="1200"
    property="og:image:width"
  />
  <meta
    content="630"
    property="og:image:height"
  />
  <link
    href="test-file-stub"
    rel="icon"
    sizes="16x16"
    type="image/png"
  />
  <link
    href="test-file-stub"
    rel="icon"
    sizes="32x32"
    type="image/png"
  />
  <link
    href="test-file-stub"
    rel="icon"
    sizes="180x180"
    type="image/png"
  />
  <link
    href="test-file-stub"
    rel="mask-icon"
  />
  <meta
    content="#da532c"
    name="theme-color"
  />
</HelmetWrapper>
`;
