// Jest Snapshot v1, https://goo.gl/fbAQLP

exports[`VideoContent renders correctly 1`] = `
<video
  autoPlay={true}
  controls={false}
  css={
    Array [
      Object {
        "map": undefined,
        "name": "1t2vc5m",
        "next": undefined,
        "styles": "
    margin: auto;
    border-radius: 12px;
    background-color: #030D36;
    background-size: cover;
    box-shadow: 0 8px 17px 0 rgba(3, 13, 54, 0.16);
    position: relative;
    z-index: 5;
  ",
      },
    ]
  }
  height="315px"
  loop={true}
  muted={true}
  playsInline={true}
  poster="/mv-video-perview.jpg"
  preload="auto"
  width="560px"
>
  <source
    src="/my-video.mp4"
    type="video/mp4"
  />
</video>
`;
